
===========================================================================
 report_power
============================================================================
======================= Fastest Corner ===================================

Group                  Internal  Switching    Leakage      Total
                          Power      Power      Power      Power (Watts)
----------------------------------------------------------------
Sequential             3.96e-03   1.03e-03   2.89e-08   4.99e-03  20.4%
Combinational          9.58e-03   9.90e-03   1.23e-07   1.95e-02  79.6%
Macro                  0.00e+00   0.00e+00   0.00e+00   0.00e+00   0.0%
Pad                    0.00e+00   0.00e+00   0.00e+00   0.00e+00   0.0%
----------------------------------------------------------------
Total                  1.35e-02   1.09e-02   1.52e-07   2.45e-02 100.0%
                          55.3%      44.7%       0.0%

======================= Slowest Corner ===================================

Group                  Internal  Switching    Leakage      Total
                          Power      Power      Power      Power (Watts)
----------------------------------------------------------------
Sequential             2.73e-03   6.65e-04   2.18e-05   3.41e-03  20.2%
Combinational          6.92e-03   6.53e-03   6.16e-05   1.35e-02  79.8%
Macro                  0.00e+00   0.00e+00   0.00e+00   0.00e+00   0.0%
Pad                    0.00e+00   0.00e+00   0.00e+00   0.00e+00   0.0%
----------------------------------------------------------------
Total                  9.65e-03   7.20e-03   8.34e-05   1.69e-02 100.0%
                          57.0%      42.5%       0.5%

======================= Typical Corner ===================================

Group                  Internal  Switching    Leakage      Total
                          Power      Power      Power      Power (Watts)
----------------------------------------------------------------
Sequential             3.44e-03   8.57e-04   1.95e-08   4.30e-03  20.3%
Combinational          8.51e-03   8.35e-03   6.02e-08   1.69e-02  79.7%
Macro                  0.00e+00   0.00e+00   0.00e+00   0.00e+00   0.0%
Pad                    0.00e+00   0.00e+00   0.00e+00   0.00e+00   0.0%
----------------------------------------------------------------
Total                  1.19e-02   9.21e-03   7.97e-08   2.12e-02 100.0%
                          56.5%      43.5%       0.0%

